// Jest Snapshot v1, https://goo.gl/fbAQLP

exports[`Oauth buttons render correctly 1`] = `

<div id="oauth-buttons"
     data-server-rendered="true"
>
  <button type="button"
          class="btn btn-facebook"
  >
    <svg version="1.1"
         role="presentation"
         width="9.142857142857142"
         height="16"
         viewbox="0 0 1024 1792"
         class="fa-icon"
    >
      <path d="M959 12v264h-157q-86 0-116 36t-30 108v189h293l-39 296h-254v759h-306v-759h-255v-296h255v-218q0-186 104-288.5t277-102.5q147 0 228 12z">
      </path>
      
      <!---->
    </svg>
    Facebook
  </button>
  <button type="button"
          class="btn btn-googleplus"
  >
    <svg version="1.1"
         role="presentation"
         width="13.714285714285714"
         height="16"
         viewbox="0 0 1536 1792"
         class="fa-icon"
    >
      <path d="M768 786h725q12 67 12 128 0 217-91 387.5t-259.5 266.5-386.5 96q-157 0-299-60.5t-245-163.5-163.5-245-60.5-299 60.5-299 163.5-245 245-163.5 299-60.5q300 0 515 201l-209 201q-123-119-306-119-129 0-238.5 65t-173.5 176.5-64 243.5 64 243.5 173.5 176.5 238.5 65q87 0 160-24t120-60 82-82 51.5-87 22.5-78h-436v-264z">
      </path>
      
      <!---->
    </svg>
    Google
  </button>
  <button type="button"
          class="btn btn-twitter"
  >
    <svg version="1.1"
         role="presentation"
         width="14.857142857142858"
         height="16"
         viewbox="0 0 1664 1792"
         class="fa-icon"
    >
      <path d="M1620 408q-67 98-162 167 1 14 1 42 0 130-38 259.5t-115.5 248.5-184.5 210.5-258 146-323 54.5q-271 0-496-145 35 4 78 4 225 0 401-138-105-2-188-64.5t-114-159.5q33 5 61 5 43 0 85-11-112-23-185.5-111.5t-73.5-205.5v-4q68 38 146 41-66-44-105-115t-39-154q0-88 44-163 121 149 294.5 238.5t371.5 99.5q-8-38-8-74 0-134 94.5-228.5t228.5-94.5q140 0 236 102 109-21 205-78-37 115-142 178 93-10 186-50z">
      </path>
      
      <!---->
    </svg>
    Twitter
  </button>
</div>

`;
