// Jest Snapshot v1, https://goo.gl/fbAQLP

exports[`Collection card renders correctly 1`] = `
<div show-footer="" class="card collection-card my-3">
  <a href="#/collection/playbills">
    <div class="collection-card-img main-app-bg" style="background-image:url('http://example.com/background.jpg');"></div>
    <div class="card-body">
      <h4 class="card-title">
        In the Spotlight
      </h4>
      <hr class="my-1">
      <p class="card-text">
        Bring past performances to life.
      </p>
    </div>
    <div class="card-footer">
      <svg version="1.1" role="img" aria-label="Enter Website" width="0" height="0" viewBox="0 0 0 0" class="fa-icon">
        <svg version="1.1" role="presentation" width="13.714285714285714" height="16" viewBox="0 0 1536 1792" class="fa-icon">
          <path d="M1472 960q0 54-37 91l-651 651q-39 37-91 37-51 0-90-37l-75-75q-38-38-38-91t38-91l293-293h-704q-52 0-84.5-37.5t-32.5-90.5v-128q0-53 32.5-90.5t84.5-37.5h704l-293-294q-38-36-38-90t38-90l75-75q38-38 90-38 53 0 91 38l651 651q37 35 37 90z"></path> 
          <!---->
        </svg>
        <svg version="1.1" role="presentation" width="27.428571428571427" height="32" viewBox="0 0 1536 1792" class="fa-icon" style="font-size:2em;">
          <path d="M768 256q-130 0-248.5 51t-204 136.5-136.5 204-51 248.5 51 248.5 136.5 204 204 136.5 248.5 51 248.5-51 204-136.5 136.5-204 51-248.5-51-248.5-136.5-204-204-136.5-248.5-51zM1536 896q0 209-103 385.5t-279.5 279.5-385.5 103-385.5-103-279.5-279.5-103-385.5 103-385.5 279.5-279.5 385.5-103 385.5 103 279.5 279.5 103 385.5z"></path> 
          <!---->
        </svg>
      </svg>
    </div>
  </a>
</div>
`;
