// Jest Snapshot v1, https://goo.gl/fbAQLP

exports[`Profile card renders correctly 1`] = `

<div data-server-rendered="true"
     class="profile-card card"
>
  <div class="avatar-background">
    <div class="user-avatar mx-auto"
         style="width:200px;"
    >
      <v-gravatar triggers
                  title="JohnDoe"
                  email="JohnDoe"
                  size="200"
                  default-img="identicon"
                  alt="Avatar for JohnDoe"
                  class="img-thumbnail rounded-circle"
      >
      </v-gravatar>
    </div>
  </div>
  <div id="user-details"
       class="card-body"
  >
    <div class="card-title">
      <h2>
        JohnDoe
      </h2>
    </div>
    <div class="card-text">
      <ul>
        <li>
          <svg version="1.1"
               role="presentation"
               width="14.857142857142858"
               height="16"
               viewbox="0 0 1664 1792"
               class="fa-icon"
          >
            <path d="M458 883q-74-162-74-371h-256v96q0 78 94.5 162t235.5 113zM1536 608v-96h-256q0 209-74 371 141-29 235.5-113t94.5-162zM1664 480v128q0 71-41.5 143t-112 130-173 97.5-215.5 44.5q-42 54-95 95-38 34-52.5 72.5t-14.5 89.5q0 54 30.5 91t97.5 37q75 0 133.5 45.5t58.5 114.5v64q0 14-9 23t-23 9h-832q-14 0-23-9t-9-23v-64q0-69 58.5-114.5t133.5-45.5q67 0 97.5-37t30.5-91q0-51-14.5-89.5t-52.5-72.5q-53-41-95-95-113-5-215.5-44.5t-173-97.5-112-130-41.5-143v-128q0-40 28-68t68-28h288v-96q0-66 47-113t113-47h576q66 0 113 47t47 113v96h288q40 0 68 28t28 68z">
            </path>
            
            <!---->
          </svg>
          Rank 1813
        </li>
        <li>
          <svg version="1.1"
               role="presentation"
               width="16"
               height="16"
               viewbox="0 0 1792 1792"
               class="fa-icon"
          >
            <path d="M1024 1408h640v-128h-640v128zM640 896h1024v-128h-1024v128zM1280 384h384v-128h-384v128zM1792 1216v256q0 26-19 45t-45 19h-1664q-26 0-45-19t-19-45v-256q0-26 19-45t45-19h1664q26 0 45 19t19 45zM1792 704v256q0 26-19 45t-45 19h-1664q-26 0-45-19t-19-45v-256q0-26 19-45t45-19h1664q26 0 45 19t19 45zM1792 192v256q0 26-19 45t-45 19h-1664q-26 0-45-19t-19-45v-256q0-26 19-45t45-19h1664q26 0 45 19t19 45z">
            </path>
            
            <!---->
          </svg>
          Contributions: 56
        </li>
      </ul>
    </div>
  </div>
  <div class="card-body">
  </div>
</div>

`;
