// Jest Snapshot v1, https://goo.gl/fbAQLP

exports[`User avatar renders placeholder by default 1`] = `

<div data-server-rendered="true"
     class="small-avatar"
>
  <div class="img-fluid rounded-circle placeholder">
    <icon name="question">
    </icon>
  </div>
</div>

`;
