// Jest Snapshot v1, https://goo.gl/fbAQLP

exports[`Collection fullscreen dark layout renders correctly 1`] = `

<div id="collection-fullscreen-dark-layout"
     data-server-rendered="true"
>
  <div id="collection-layout-base">
    <div id="collection-background"
         style="background-image:url(http://example.com/background.jpg);"
    >
    </div>
    <nav id="collection-navbar"
         class="navbar navbar-dark navbar-expand-md"
    >
      <div class="container">
        <a href="#/collection/playbills"
           target="_self"
           class="navbar-brand"
        >
          <span>
            In the Spotlight
          </span>
        </a>
        <button type="button"
                data-toggle="collapse"
                data-target="#main-nav-collapse"
                aria-controls="main-nav-collapse"
                aria-expanded="false"
                aria-label="Toggle navigation"
                class="
        hamburger
        hamburger--collapse
        navbar-toggler
        navbar-toggler-right"
        >
          <span class="hamburger-box">
            <span class="hamburger-inner">
            </span>
          </span>
        </button>
        <div id="main-nav-collapse"
             class="navbar-collapse collapse"
             style="display:none;"
        >
          <ul class="navbar-nav">
            <li class="nav-item">
              <a href="#/collection/playbills/about"
                 target="_self"
                 class="nav-link"
              >
                About
              </a>
            </li>
            <li class="nav-item">
              <a href="#/collection/playbills/projects"
                 target="_self"
                 class="nav-link"
              >
                Take Part
              </a>
            </li>
            <li class="nav-item">
              <a href="http://example.com/discuss"
                 target="_self"
                 class="nav-link"
              >
                Discuss
              </a>
            </li>
            <li class="nav-item">
              <a href="#/collection/playbills/data"
                 target="_self"
                 class="nav-link"
              >
                Data
              </a>
            </li>
          </ul>
          <ul class="navbar-nav">
            <div id="announcements-list">
              <button id="announcements-toggle"
                      type="button"
                      class="nav-link d-none d-lg-flex flex-row btn btn-secondary"
              >
                <icon name="bell">
                </icon>
                <!---->
              </button>
              <a href="#/account/joebloggs/announcements"
                 class="d-lg-none nav-link"
              >
                Notifications
              </a>
              <span style="display:none;">
                <div id="announcements-container"
                     class="dropdown-menu-right d-none d-md-block card"
                >
                  <div class="card-header">
                    <div>
                      Notifications
                    </div>
                  </div>
                  <div id="announcements">
                  </div>
                  <no-ssr>
                    <infinite-loading class="infinite-loading">
                      <span slot="no-results">
                        <span>
                          No announcements have been made yet
                        </span>
                      </span>
                      <span slot="no-more">
                        <!---->
                      </span>
                    </infinite-loading>
                  </no-ssr>
                </div>
              </span>
            </div>
            <li class="nav-item b-nav-dropdown dropdown">
              <a href="#"
                 aria-haspopup="true"
                 aria-expanded="false"
                 class="nav-link dropdown-toggle"
              >
                <span>
                  joebloggs
                </span>
              </a>
              <div role="menu"
                   class="dropdown-menu dropdown-menu-right"
              >
                <a href="#/account/joebloggs"
                   role="menuitem"
                   target="_self"
                   class="dropdown-item"
                >
                  Profile
                </a>
                <a href="#/account/joebloggs/settings/profile"
                   role="menuitem"
                   target="_self"
                   class="dropdown-item"
                >
                  Settings
                </a>
                <!---->
                <div role="separator"
                     class="dropdown-divider"
                >
                </div>
                <a role="menuitem"
                   href="#"
                   target="_self"
                   class="dropdown-item"
                >
                  Sign Out
                </a>
              </div>
            </li>
          </ul>
        </div>
      </div>
    </nav>
    <main>
      <div class="content">
        <nuxt>
        </nuxt>
      </div>
    </main>
    <!---->
  </div>
</div>

`;
