// Jest Snapshot v1, https://goo.gl/fbAQLP

exports[`Help dashboard layout renders correctly 1`] = `

<div id="dashboard-layout-base"
     data-server-rendered="true"
>
  <nav id="dashboard-navbar"
       class="side dashboard-nav-bg"
  >
    <div class="brand-wrapper navbar-light text-center">
      <a href="#/"
         class="brand navbar-brand router-link-exact-active router-link-active"
      >
        My Brand
      </a>
    </div>
    <ul class="nav">
      <li data-index="0"
          class="nav-item"
      >
        <a href="#/help/api"
           target="_self"
           class="nav-link"
        >
          API
        </a>
      </li>
      <li data-index="1"
          class="nav-item"
      >
        <a href="#/help/cookies"
           target="_self"
           class="nav-link"
        >
          Cookies Policy
        </a>
      </li>
      <li data-index="2"
          class="nav-item"
      >
        <a href="#/help/privacy"
           target="_self"
           class="nav-link"
        >
          Privacy Policy
        </a>
      </li>
      <li data-index="3"
          class="nav-item"
      >
        <a href="#/help/tos"
           target="_self"
           class="nav-link"
        >
          Terms of Service
        </a>
      </li>
    </ul>
  </nav>
  <div class="dashboard">
    <nav id="app-navbar"
         class="navbar navbar-light"
    >
      <span class="app-navbar-left">
        <a href="#/"
           target="_self"
           class="active navbar-brand d-lg-none"
        >
          <span>
            My Brand
          </span>
        </a>
      </span>
      <ul right
          class="app-navbar-right border-bottom navbar-nav"
      >
        <a href="http://docs.example.com"
           target="_blank"
           class="nav-link d-flex px-1"
        >
          <icon name="question-circle">
          </icon>
        </a>
        <div id="announcements-list"
             class="d-none d-lg-block"
        >
          <button id="announcements-toggle"
                  type="button"
                  class="nav-link d-none d-lg-flex flex-row btn btn-secondary"
          >
            <icon name="bell">
            </icon>
            <!---->
          </button>
          <a href="#/account/joebloggs/announcements"
             class="d-lg-none nav-link"
          >
            Notifications
          </a>
          <span style="display:none;">
            <div id="announcements-container"
                 class="dropdown-menu-right d-none d-md-block card"
            >
              <div class="card-header">
                <div>
                  Notifications
                </div>
              </div>
              <div id="announcements">
              </div>
              <no-ssr>
                <infinite-loading class="infinite-loading">
                  <span slot="no-results">
                    <span>
                      No announcements have been made yet
                    </span>
                  </span>
                  <span slot="no-more">
                    <!---->
                  </span>
                </infinite-loading>
              </no-ssr>
            </div>
          </span>
        </div>
        <li class="nav-item b-nav-dropdown dropdown">
          <a href="#"
             aria-haspopup="true"
             aria-expanded="false"
             class="nav-link dropdown-toggle"
          >
            <span>
              joebloggs
            </span>
          </a>
          <div role="menu"
               class="dropdown-menu dropdown-menu-right"
          >
            <a href="#/account/joebloggs"
               role="menuitem"
               target="_self"
               class="dropdown-item"
            >
              Profile
            </a>
            <a href="#/account/joebloggs/settings/profile"
               role="menuitem"
               target="_self"
               class="dropdown-item"
            >
              Settings
            </a>
            <!---->
            <div role="separator"
                 class="dropdown-divider"
            >
            </div>
            <a role="menuitem"
               href="#"
               target="_self"
               class="dropdown-item"
            >
              Sign Out
            </a>
          </div>
        </li>
      </ul>
    </nav>
    <nav id="dashboard-navbar"
         class="top dashboard-nav-bg"
    >
      <div class="brand-wrapper navbar-light text-center">
        <a href="#/"
           class="brand navbar-brand router-link-exact-active router-link-active"
        >
          My Brand
        </a>
      </div>
      <ul class="nav">
        <li data-index="0"
            class="nav-item"
        >
          <a href="#/help/api"
             target="_self"
             class="nav-link"
          >
            API
          </a>
        </li>
        <li data-index="1"
            class="nav-item"
        >
          <a href="#/help/cookies"
             target="_self"
             class="nav-link"
          >
            Cookies Policy
          </a>
        </li>
        <li data-index="2"
            class="nav-item"
        >
          <a href="#/help/privacy"
             target="_self"
             class="nav-link"
          >
            Privacy Policy
          </a>
        </li>
        <li data-index="3"
            class="nav-item"
        >
          <a href="#/help/tos"
             target="_self"
             class="nav-link"
          >
            Terms of Service
          </a>
        </li>
      </ul>
    </nav>
    <main class="container-fluid px-lg-4 py-4">
      <nuxt>
      </nuxt>
    </main>
    <footer id="dashboard-footer"
            class="footer"
    >
      <div class="container-fluid">
        <p class="my-2 mx-1 float-right">
          &copy; My Company, 2017
        </p>
      </div>
    </footer>
  </div>
</div>

`;
