// Jest Snapshot v1, https://goo.gl/fbAQLP

exports[`Dashboard footer renders correctly 1`] = `

<footer id="dashboard-footer"
        data-server-rendered="true"
        class="footer"
>
  <div class="container-fluid">
    <p class="my-2 mx-1 float-right">
      &copy; My Company, 2000
    </p>
  </div>
</footer>

`;
