// Jest Snapshot v1, https://goo.gl/fbAQLP

exports[`Pie chart renders correctly 1`] = `

<div data-server-rendered="true"
     class="ct-container"
>
</div>

`;
