// Jest Snapshot v1, https://goo.gl/fbAQLP

exports[`Bar chart renders correctly 1`] = `

<no-ssr data-server-rendered="true">
  <div class="ct-container">
  </div>
</no-ssr>

`;
